[    0.000000] Linux version 4.15.0-106-generic (buildd@lcy01-amd64-016) (gcc version 7.5.0 (Ubuntu 7.5.0-3ubuntu1~18.04)) #107-Ubuntu SMP Thu Jun 4 11:27:52 UTC 2020 (Ubuntu 4.15.0-106.107-generic 4.15.18)
[    0.000000] Command line: BOOT_IMAGE=/boot/vmlinuz-4.15.0-106-generic root=UUID=997085ba-b58f-436e-bf90-9b60460919f0 ro console=tty1 console=ttyS0
[    0.000000] KERNEL supported cpus:
[    0.000000]   Intel GenuineIntel
[    0.000000]   AMD AuthenticAMD
[    0.000000]   Centaur CentaurHauls
[    0.000000] x86/fpu: Supporting XSAVE feature 0x001: 'x87 floating point registers'
[    0.000000] x86/fpu: Supporting XSAVE feature 0x002: 'SSE registers'
[    0.000000] x86/fpu: Supporting XSAVE feature 0x004: 'AVX registers'
[    0.000000] x86/fpu: xstate_offset[2]:  576, xstate_sizes[2]:  256
[    0.000000] x86/fpu: Enabled xstate features 0x7, context size is 832 bytes, using 'standard' format.
[    0.000000] e820: BIOS-provided physical RAM map:
[    0.000000] BIOS-e820: [mem 0x0000000000000000-0x000000000009fbff] usable
[    0.000000] BIOS-e820: [mem 0x000000000009fc00-0x000000000009ffff] reserved
[    0.000000] BIOS-e820: [mem 0x00000000000f0000-0x00000000000fffff] reserved
[    0.000000] BIOS-e820: [mem 0x0000000000100000-0x000000003ffeffff] usable
[    0.000000] BIOS-e820: [mem 0x000000003fff0000-0x000000003fffffff] ACPI data
[    0.000000] BIOS-e820: [mem 0x00000000fec00000-0x00000000fec00fff] reserved
[    0.000000] BIOS-e820: [mem 0x00000000fee00000-0x00000000fee00fff] reserved
[    0.000000] BIOS-e820: [mem 0x00000000fffc0000-0x00000000ffffffff] reserved
[    0.000000] NX (Execute Disable) protection: active
[    0.000000] SMBIOS 2.5 present.
[    0.000000] DMI: innotek GmbH VirtualBox/VirtualBox, BIOS VirtualBox 12/01/2006
[    0.000000] Hypervisor detected: KVM
[    0.000000] e820: last_pfn = 0x3fff0 max_arch_pfn = 0x400000000
[    0.000000] MTRR: Disabled
[    0.000000] x86/PAT: MTRRs disabled, skipping PAT initialization too.
[    0.000000] CPU MTRRs all blank - virtualized system.
[    0.000000] x86/PAT: Configuration [0-7]: WB  WT  UC- UC  WB  WT  UC- UC  
[    0.000000] found SMP MP-table at [mem 0x0009fff0-0x0009ffff]
[    0.000000] Scanning 1 areas for low memory corruption
[    0.000000] RAMDISK: [mem 0x3595f000-0x36ca6fff]
[    0.000000] ACPI: Early table checksum verification disabled
[    0.000000] ACPI: RSDP 0x00000000000E0000 000024 (v02 VBOX  )
[    0.000000] ACPI: XSDT 0x000000003FFF0030 00003C (v01 VBOX   VBOXXSDT 00000001 ASL  00000061)
[    0.000000] ACPI: FACP 0x000000003FFF00F0 0000F4 (v04 VBOX   VBOXFACP 00000001 ASL  00000061)
[    0.000000] ACPI: DSDT 0x000000003FFF0470 0022EA (v02 VBOX   VBOXBIOS 00000002 INTL 20100528)
[    0.000000] ACPI: FACS 0x000000003FFF0200 000040
[    0.000000] ACPI: FACS 0x000000003FFF0200 000040
[    0.000000] ACPI: APIC 0x000000003FFF0240 00005C (v02 VBOX   VBOXAPIC 00000001 ASL  00000061)
[    0.000000] ACPI: SSDT 0x000000003FFF02A0 0001CC (v01 VBOX   VBOXCPUT 00000002 INTL 20100528)
[    0.000000] No NUMA configuration found
[    0.000000] Faking a node at [mem 0x0000000000000000-0x000000003ffeffff]
[    0.000000] NODE_DATA(0) allocated [mem 0x3ffc5000-0x3ffeffff]
[    0.000000] kvm-clock: cpu 0, msr 0:3ff44001, primary cpu clock
[    0.000000] kvm-clock: Using msrs 4b564d01 and 4b564d00
[    0.000000] kvm-clock: using sched offset of 6642937473 cycles
[    0.000000] clocksource: kvm-clock: mask: 0xffffffffffffffff max_cycles: 0x1cd42e4dffb, max_idle_ns: 881590591483 ns
[    0.000000] Zone ranges:
[    0.000000]   DMA      [mem 0x0000000000001000-0x0000000000ffffff]
[    0.000000]   DMA32    [mem 0x0000000001000000-0x000000003ffeffff]
[    0.000000]   Normal   empty
[    0.000000]   Device   empty
[    0.000000] Movable zone start for each node
[    0.000000] Early memory node ranges
[    0.000000]   node   0: [mem 0x0000000000001000-0x000000000009efff]
[    0.000000]   node   0: [mem 0x0000000000100000-0x000000003ffeffff]
[    0.000000] Reserved but unavailable: 98 pages
[    0.000000] Initmem setup node 0 [mem 0x0000000000001000-0x000000003ffeffff]
[    0.000000] ACPI: PM-Timer IO Port: 0x4008
[    0.000000] IOAPIC[0]: apic_id 2, version 32, address 0xfec00000, GSI 0-23
[    0.000000] ACPI: INT_SRC_OVR (bus 0 bus_irq 0 global_irq 2 dfl dfl)
[    0.000000] ACPI: INT_SRC_OVR (bus 0 bus_irq 9 global_irq 9 low level)
[    0.000000] Using ACPI (MADT) for SMP configuration information
[    0.000000] smpboot: Allowing 2 CPUs, 0 hotplug CPUs
[    0.000000] PM: Registered nosave memory: [mem 0x00000000-0x00000fff]
[    0.000000] PM: Registered nosave memory: [mem 0x0009f000-0x0009ffff]
[    0.000000] PM: Registered nosave memory: [mem 0x000a0000-0x000effff]
[    0.000000] PM: Registered nosave memory: [mem 0x000f0000-0x000fffff]
[    0.000000] e820: [mem 0x40000000-0xfebfffff] available for PCI devices
[    0.000000] Booting paravirtualized kernel on KVM
[    0.000000] clocksource: refined-jiffies: mask: 0xffffffff max_cycles: 0xffffffff, max_idle_ns: 7645519600211568 ns
[    0.000000] random: get_random_bytes called from start_kernel+0x99/0x4fd with crng_init=0
[    0.000000] setup_percpu: NR_CPUS:8192 nr_cpumask_bits:2 nr_cpu_ids:2 nr_node_ids:1
[    0.000000] percpu: Embedded 45 pages/cpu s147456 r8192 d28672 u1048576
[    0.000000] PV qspinlock hash table entries: 256 (order: 0, 4096 bytes)
[    0.000000] Built 1 zonelists, mobility grouping on.  Total pages: 257913
[    0.000000] Policy zone: DMA32
[    0.000000] Kernel command line: BOOT_IMAGE=/boot/vmlinuz-4.15.0-106-generic root=UUID=997085ba-b58f-436e-bf90-9b60460919f0 ro console=tty1 console=ttyS0
[    0.000000] Memory: 982508K/1048120K available (12300K kernel code, 2481K rwdata, 4272K rodata, 2436K init, 2720K bss, 65612K reserved, 0K cma-reserved)
[    0.000000] SLUB: HWalign=64, Order=0-3, MinObjects=0, CPUs=2, Nodes=1
[    0.000000] Kernel/User page tables isolation: enabled
[    0.000000] ftrace: allocating 39378 entries in 154 pages
[    0.004000] Hierarchical RCU implementation.
[    0.004000] 	RCU restricting CPUs from NR_CPUS=8192 to nr_cpu_ids=2.
[    0.004000] 	Tasks RCU enabled.
[    0.004000] RCU: Adjusting geometry for rcu_fanout_leaf=16, nr_cpu_ids=2
[    0.004000] NR_IRQS: 524544, nr_irqs: 440, preallocated irqs: 16
[    0.004000] Console: colour VGA+ 80x25
[    0.004000] console [tty1] enabled
[    0.004000] console [ttyS0] enabled
[    0.004000] ACPI: Core revision 20170831
[    0.004000] ACPI: 2 ACPI AML tables successfully acquired and loaded
[    0.004000] APIC: Switch to symmetric I/O mode setup
[    0.004000] x2apic enabled
[    0.004011] Switched APIC routing to physical x2apic.
[    0.012000] ..TIMER: vector=0x30 apic1=0 pin1=2 apic2=-1 pin2=-1
[    0.012005] tsc: Detected 2594.000 MHz processor
[    0.014177] Calibrating delay loop (skipped) preset value.. 5188.00 BogoMIPS (lpj=10376000)
[    0.016008] pid_max: default: 32768 minimum: 301
[    0.020100] Security Framework initialized
[    0.022075] Yama: becoming mindful.
[    0.024054] AppArmor: AppArmor initialized
[    0.028110] Dentry cache hash table entries: 131072 (order: 8, 1048576 bytes)
[    0.032132] Inode-cache hash table entries: 65536 (order: 7, 524288 bytes)
[    0.036061] Mount-cache hash table entries: 2048 (order: 2, 16384 bytes)
[    0.040021] Mountpoint-cache hash table entries: 2048 (order: 2, 16384 bytes)
[    0.044760] Last level iTLB entries: 4KB 1024, 2MB 1024, 4MB 1024
[    0.048011] Last level dTLB entries: 4KB 1024, 2MB 1024, 4MB 1024, 1GB 4
[    0.052008] Spectre V1 : Mitigation: usercopy/swapgs barriers and __user pointer sanitization
[    0.056011] Spectre V2 : Mitigation: Full generic retpoline
[    0.060007] Spectre V2 : Spectre v2 / SpectreRSB mitigation: Filling RSB on context switch
[    0.064008] Speculative Store Bypass: Vulnerable
[    0.068064] SRBDS: Unknown: Dependent on hypervisor status
[    0.070720] MDS: Vulnerable: Clear CPU buffers attempted, no microcode
[    0.072447] Freeing SMP alternatives memory: 36K
[    0.190046] smpboot: CPU0: Intel(R) Core(TM) i7-4510U CPU @ 2.00GHz (family: 0x6, model: 0x45, stepping: 0x1)
[    0.192169] Performance Events: unsupported p6 CPU model 69 no PMU driver, software events only.
[    0.196056] Hierarchical SRCU implementation.
[    0.200876] NMI watchdog: Perf event create on CPU 0 failed with -2
[    0.204006] NMI watchdog: Perf NMI watchdog permanently disabled
[    0.208105] smp: Bringing up secondary CPUs ...
[    0.211441] x86: Booting SMP configuration:
[    0.212006] .... node  #0, CPUs:      #1
[    0.004000] kvm-clock: cpu 1, msr 0:3ff44041, secondary cpu clock
[    0.219131] smp: Brought up 1 node, 2 CPUs
[    0.220009] smpboot: Max logical packages: 1
[    0.224009] smpboot: Total of 2 processors activated (10376.00 BogoMIPS)
[    0.227442] devtmpfs: initialized
[    0.228144] x86/mm: Memory block size: 128MB
[    0.232524] evm: security.selinux
[    0.234471] evm: security.SMACK64
[    0.236005] evm: security.SMACK64EXEC
[    0.238074] evm: security.SMACK64TRANSMUTE
[    0.240000] evm: security.SMACK64MMAP
[    0.240019] evm: security.apparmor
[    0.244004] evm: security.ima
[    0.245863] evm: security.capability
[    0.248284] clocksource: jiffies: mask: 0xffffffff max_cycles: 0xffffffff, max_idle_ns: 7645041785100000 ns
[    0.252033] futex hash table entries: 512 (order: 3, 32768 bytes)
[    0.264041] pinctrl core: initialized pinctrl subsystem
[    0.268220] RTC time: 16:20:07, date: 06/27/20
[    0.272453] NET: Registered protocol family 16
[    0.274961] audit: initializing netlink subsys (disabled)
[    0.276059] audit: type=2000 audit(1593274815.212:1): state=initialized audit_enabled=0 res=1
[    0.280013] cpuidle: using governor ladder
[    0.281797] cpuidle: using governor menu
[    0.284169] ACPI: bus type PCI registered
[    0.288005] acpiphp: ACPI Hot Plug PCI Controller Driver version: 0.5
[    0.290870] PCI: Using configuration type 1 for base access
[    0.296770] HugeTLB registered 2.00 MiB page size, pre-allocated 0 pages
[    0.300235] ACPI: Added _OSI(Module Device)
[    0.302630] ACPI: Added _OSI(Processor Device)
[    0.304016] ACPI: Added _OSI(3.0 _SCP Extensions)
[    0.306377] ACPI: Added _OSI(Processor Aggregator Device)
[    0.308022] ACPI: Added _OSI(Linux-Dell-Video)
[    0.312006] ACPI: Added _OSI(Linux-Lenovo-NV-HDMI-Audio)
[    0.314579] ACPI: Added _OSI(Linux-HPI-Hybrid-Graphics)
[    0.316742] ACPI: Executed 1 blocks of module-level executable AML code
[    0.338796] ACPI: Interpreter enabled
[    0.340034] ACPI: (supports S0 S5)
[    0.341735] ACPI: Using IOAPIC for interrupt routing
[    0.348239] PCI: Using host bridge windows from ACPI; if necessary, use "pci=nocrs" and report a bug
[    0.352649] ACPI: Enabled 2 GPEs in block 00 to 07
[    0.388065] ACPI: PCI Root Bridge [PCI0] (domain 0000 [bus 00-ff])
[    0.390865] acpi PNP0A03:00: _OSC: OS supports [ASPM ClockPM Segments MSI]
[    0.396152] acpi PNP0A03:00: _OSC: not requesting OS control; OS requires [ExtendedConfig ASPM ClockPM MSI]
[    0.400049] acpi PNP0A03:00: fail to add MMCONFIG information, can't access extended PCI configuration space under this bridge.
[    0.408121] PCI host bridge to bus 0000:00
[    0.410150] pci_bus 0000:00: root bus resource [io  0x0000-0x0cf7 window]
[    0.412011] pci_bus 0000:00: root bus resource [io  0x0d00-0xffff window]
[    0.415345] pci_bus 0000:00: root bus resource [mem 0x000a0000-0x000bffff window]
[    0.416025] pci_bus 0000:00: root bus resource [mem 0x40000000-0xfdffffff window]
[    0.420030] pci_bus 0000:00: root bus resource [bus 00-ff]
[    0.429612] pci 0000:00:01.1: legacy IDE quirk: reg 0x10: [io  0x01f0-0x01f7]
[    0.432011] pci 0000:00:01.1: legacy IDE quirk: reg 0x14: [io  0x03f6]
[    0.436009] pci 0000:00:01.1: legacy IDE quirk: reg 0x18: [io  0x0170-0x0177]
[    0.440012] pci 0000:00:01.1: legacy IDE quirk: reg 0x1c: [io  0x0376]
[    0.476142] pci 0000:00:07.0: quirk: [io  0x4000-0x403f] claimed by PIIX4 ACPI
[    0.479941] pci 0000:00:07.0: quirk: [io  0x4100-0x410f] claimed by PIIX4 SMB
[    0.495127] ACPI: PCI Interrupt Link [LNKA] (IRQs 5 9 10 *11)
[    0.497391] ACPI: PCI Interrupt Link [LNKB] (IRQs 5 9 *10 11)
[    0.500441] ACPI: PCI Interrupt Link [LNKC] (IRQs 5 *9 10 11)
[    0.504452] ACPI: PCI Interrupt Link [LNKD] (IRQs 5 9 10 *11)
[    0.508480] SCSI subsystem initialized
[    0.509964] pci 0000:00:02.0: vgaarb: setting as boot VGA device
[    0.510297] pci 0000:00:02.0: vgaarb: VGA device added: decodes=io+mem,owns=io+mem,locks=none
[    0.512008] pci 0000:00:02.0: vgaarb: bridge control possible
[    0.516003] vgaarb: loaded
[    0.517195] ACPI: bus type USB registered
[    0.520032] usbcore: registered new interface driver usbfs
[    0.521987] usbcore: registered new interface driver hub
[    0.524007] usbcore: registered new device driver usb
[    0.525909] EDAC MC: Ver: 3.0.0
[    0.528394] PCI: Using ACPI for IRQ routing
[    0.530153] NetLabel: Initializing
[    0.532004] NetLabel:  domain hash size = 128
[    0.533626] NetLabel:  protocols = UNLABELED CIPSOv4 CALIPSO
[    0.535669] NetLabel:  unlabeled traffic allowed by default
[    0.536205] clocksource: Switched to clocksource kvm-clock
[    0.600956] VFS: Disk quotas dquot_6.6.0
[    0.602504] VFS: Dquot-cache hash table entries: 512 (order 0, 4096 bytes)
[    0.605044] AppArmor: AppArmor Filesystem Enabled
[    0.606829] pnp: PnP ACPI init
[    0.611092] pnp: PnP ACPI: found 3 devices
[    0.623861] clocksource: acpi_pm: mask: 0xffffff max_cycles: 0xffffff, max_idle_ns: 2085701024 ns
[    0.627641] NET: Registered protocol family 2
[    0.629859] TCP established hash table entries: 8192 (order: 4, 65536 bytes)
[    0.632361] TCP bind hash table entries: 8192 (order: 5, 131072 bytes)
[    0.981560] TCP: Hash tables configured (established 8192 bind 8192)
[    0.984622] UDP hash table entries: 512 (order: 2, 16384 bytes)
[    0.987504] UDP-Lite hash table entries: 512 (order: 2, 16384 bytes)
[    0.990677] NET: Registered protocol family 1
[    0.993296] pci 0000:00:00.0: Limiting direct PCI/PCI transfers
[    0.996135] pci 0000:00:01.0: Activating ISA DMA hang workarounds
[    0.999074] pci 0000:00:02.0: Video device with shadowed ROM at [mem 0x000c0000-0x000dffff]
[    1.003208] Unpacking initramfs...
[    1.900426] Freeing initrd memory: 19744K
[    1.902274] clocksource: tsc: mask: 0xffffffffffffffff max_cycles: 0x256417f7309, max_idle_ns: 440795217303 ns
[    1.906060] platform rtc_cmos: registered platform RTC device (no PNP device found)
[    1.909365] Scanning for low memory corruption every 60 seconds
[    1.912808] Initialise system trusted keyrings
[    1.914452] Key type blacklist registered
[    1.916117] workingset: timestamp_bits=36 max_order=18 bucket_order=0
[    1.921485] zbud: loaded
[    1.923771] squashfs: version 4.0 (2009/01/31) Phillip Lougher
[    1.926380] fuse init (API version 7.26)
[    1.932135] Key type asymmetric registered
[    1.933702] Asymmetric key parser 'x509' registered
[    1.935525] Block layer SCSI generic (bsg) driver version 0.4 loaded (major 246)
[    1.938468] io scheduler noop registered
[    1.939935] io scheduler deadline registered
[    1.941675] io scheduler cfq registered (default)
[    1.943981] ACPI: AC Adapter [AC] (on-line)
[    1.945909] input: Power Button as /devices/LNXSYSTM:00/LNXPWRBN:00/input/input0
[    1.948858] ACPI: Power Button [PWRF]
[    1.950756] input: Sleep Button as /devices/LNXSYSTM:00/LNXSLPBN:00/input/input1
[    1.954436] ACPI: Sleep Button [SLPF]
[    1.959445] ACPI: Battery Slot [BAT0] (battery present)
[    1.962015] Serial: 8250/16550 driver, 32 ports, IRQ sharing enabled
[    1.986617] 00:02: ttyS0 at I/O 0x3f8 (irq = 4, base_baud = 115200) is a 16550A
[    1.994728] Linux agpgart interface v0.103
[    2.005575] loop: module loaded
[    2.008714] scsi host0: ata_piix
[    2.010682] scsi host1: ata_piix
[    2.012381] ata1: PATA max UDMA/33 cmd 0x1f0 ctl 0x3f6 bmdma 0xd000 irq 14
[    2.015707] ata2: PATA max UDMA/33 cmd 0x170 ctl 0x376 bmdma 0xd008 irq 15
[    2.019580] libphy: Fixed MDIO Bus: probed
[    2.021568] tun: Universal TUN/TAP device driver, 1.6
[    2.024714] PPP generic driver version 2.4.2
[    2.026884] ehci_hcd: USB 2.0 'Enhanced' Host Controller (EHCI) Driver
[    2.029857] ehci-pci: EHCI PCI platform driver
[    2.032058] ehci-platform: EHCI generic platform driver
[    2.034783] ohci_hcd: USB 1.1 'Open' Host Controller (OHCI) Driver
[    2.037578] ohci-pci: OHCI PCI platform driver
[    2.039636] ohci-platform: OHCI generic platform driver
[    2.042267] uhci_hcd: USB Universal Host Controller Interface driver
[    2.045408] i8042: PNP: PS/2 Controller [PNP0303:PS2K,PNP0f03:PS2M] at 0x60,0x64 irq 1,12
[    2.049952] serio: i8042 KBD port at 0x60,0x64 irq 1
[    2.052015] serio: i8042 AUX port at 0x60,0x64 irq 12
[    2.054028] mousedev: PS/2 mouse device common for all mice
[    2.056535] input: AT Translated Set 2 keyboard as /devices/platform/i8042/serio0/input/input2
[    2.060407] rtc_cmos rtc_cmos: rtc core: registered rtc_cmos as rtc0
[    2.063130] rtc_cmos rtc_cmos: alarms up to one day, 114 bytes nvram
[    2.065663] i2c /dev entries driver
[    2.067304] device-mapper: uevent: version 1.0.3
[    2.069320] device-mapper: ioctl: 4.37.0-ioctl (2017-09-20) initialised: dm-devel@redhat.com
[    2.072760] ledtrig-cpu: registered to indicate activity on CPUs
[    2.075560] NET: Registered protocol family 10
[    2.085203] Segment Routing with IPv6
[    2.086672] NET: Registered protocol family 17
[    2.088414] Key type dns_resolver registered
[    2.090225] mce: Using 0 MCE banks
[    2.092204] RAS: Correctable Errors collector initialized.
[    2.095134] sched_clock: Marking stable (2092168991, 0)->(2555239254, -463070263)
[    2.099483] registered taskstats version 1
[    2.101599] Loading compiled-in X.509 certificates
[    2.109075] Loaded X.509 cert 'Build time autogenerated kernel key: b1772ce3e036cbf6bf2b7e9ed9be0f8806d61091'
[    2.114058] zswap: loaded using pool lzo/zbud
[    2.125101] Key type big_key registered
[    2.127160] Key type trusted registered
[    2.132931] Key type encrypted registered
[    2.134890] AppArmor: AppArmor sha1 policy hashing enabled
[    2.137532] ima: No TPM chip found, activating TPM-bypass! (rc=-19)
[    2.140138] ima: Allocated hash algorithm: sha1
[    2.142454] evm: HMAC attrs: 0x1
[    2.144396]   Magic number: 8:996:338
[    2.146289] tty tty59: hash matches
[    2.148217] rtc_cmos rtc_cmos: setting system clock to 2020-06-27 16:20:09 UTC (1593274809)
[    2.152290] BIOS EDD facility v0.16 2004-Jun-25, 0 devices found
[    2.155992] EDD information not available.
[    2.202492] Freeing unused kernel image memory: 2436K
[    2.212670] Write protecting the kernel read-only data: 20480k
[    2.217615] Freeing unused kernel image memory: 2008K
[    2.220816] Freeing unused kernel image memory: 1872K
[    2.266793] x86/mm: Checked W+X mappings: passed, no W+X pages found.
[    2.270809] x86/mm: Checking user space page tables
[    2.317901] x86/mm: Checked W+X mappings: passed, no W+X pages found.
Loading, please wait...
starting version 237
[    2.519701] e1000: Intel(R) PRO/1000 Network Driver - version 7.3.21-k8-NAPI
[    2.523989] e1000: Copyright (c) 1999-2006 Intel Corporation.
[    2.534502] Fusion MPT base driver 3.04.20
[    2.539268] Copyright (c) 1999-2008 LSI Corporation
[    2.558949] Fusion MPT SPI Host driver 3.04.20
[    2.597811] AVX2 version of gcm_enc/dec engaged.
[    2.601407] AES CTR mode by8 optimization enabled
[    2.785324] input: ImExPS/2 Generic Explorer Mouse as /devices/platform/i8042/serio1/input/input4
[    3.121725] e1000 0000:00:03.0 eth0: (PCI:33MHz:32-bit) 02:83:96:c1:64:f9
[    3.124863] e1000 0000:00:03.0 eth0: Intel(R) PRO/1000 Network Connection
[    3.132171] mptbase: ioc0: Initiating bringup
[    3.132879] e1000 0000:00:03.0 enp0s3: renamed from eth0
[    3.233043] ioc0: LSI53C1030 A0: Capabilities={Initiator}
[    3.475847] scsi host2: ioc0: LSI53C1030 A0, FwRev=00000000h, Ports=1, MaxQ=256, IRQ=20
[    3.645019] scsi 2:0:0:0: Direct-Access     VBOX     HARDDISK         1.0  PQ: 0 ANSI: 5
[    3.912635] scsi target2:0:0: Beginning Domain Validation
[    3.917208] scsi target2:0:0: Domain Validation skipping write tests
[    3.920616] scsi target2:0:0: Ending Domain Validation
[    3.923172] scsi target2:0:0: asynchronous
[    3.926468] scsi 2:0:1:0: Direct-Access     VBOX     HARDDISK         1.0  PQ: 0 ANSI: 5
[    4.217727] scsi target2:0:1: Beginning Domain Validation
[    4.220862] random: fast init done
[    4.224203] scsi target2:0:1: Domain Validation skipping write tests
[    4.226539] scsi target2:0:1: Ending Domain Validation
[    4.228941] scsi target2:0:1: asynchronous
[    4.239629] random: systemd-udevd: uninitialized urandom read (16 bytes read)
[    4.240160] sd 2:0:0:0: [sda] 20971520 512-byte logical blocks: (10.7 GB/10.0 GiB)
[    4.243333] random: systemd-udevd: uninitialized urandom read (16 bytes read)
[    4.246939] sd 2:0:0:0: [sda] Write Protect is off
[    4.250155] sd 2:0:0:0: Attached scsi generic sg0 type 0
[    4.254609] sd 2:0:0:0: [sda] Incomplete mode parameter data
[    4.254824] sd 2:0:1:0: Attached scsi generic sg1 type 0
[    4.257434] sd 2:0:0:0: [sda] Assuming drive cache: write through
[    4.259950] random: systemd-udevd: uninitialized urandom read (16 bytes read)
[    4.264308] sd 2:0:1:0: [sdb] 20480 512-byte logical blocks: (10.5 MB/10.0 MiB)
[    4.270878] sd 2:0:1:0: [sdb] Write Protect is off
[    4.273138] sd 2:0:1:0: [sdb] Incomplete mode parameter data
[    4.278019] sd 2:0:1:0: [sdb] Assuming drive cache: write through
[    4.287329]  sda: sda1
[    4.290446] sd 2:0:0:0: [sda] Attached SCSI disk
[    4.302353] sd 2:0:1:0: [sdb] Attached SCSI disk
Begin: Loading essential drivers ... [    6.800104] raid6: sse2x1   gen()  1851 MB/s
[    6.848054] raid6: sse2x1   xor()  1337 MB/s
[    6.896706] raid6: sse2x2   gen()  5241 MB/s
[    6.944565] raid6: sse2x2   xor()  2357 MB/s
[    6.992027] raid6: sse2x4   gen()  6145 MB/s
[    7.040251] raid6: sse2x4   xor()  3542 MB/s
[    7.088047] raid6: avx2x1   gen()  4878 MB/s
[    7.136042] raid6: avx2x1   xor()  2764 MB/s
[    7.184700] raid6: avx2x2   gen()  9564 MB/s
[    7.232527] raid6: avx2x2   xor()  5120 MB/s
[    7.280418] raid6: avx2x4   gen() 12517 MB/s
[    7.328230] raid6: avx2x4   xor()  6756 MB/s
[    7.330275] raid6: using algorithm avx2x4 gen() 12517 MB/s
[    7.333073] raid6: .... xor() 6756 MB/s, rmw enabled
[    7.335322] raid6: using avx2x2 recovery algorithm
[    7.340985] xor: automatically using best checksumming function   avx       
[    7.347509] async_tx: api initialized (async)
done.
Begin: Running /scripts/init-premount ... done.
Begin: Mounting root file system ... Begin: Running /scripts/local-top ... done.
Begin: Running /scripts/local-premount ... [    7.487359] Btrfs loaded, crc32c=crc32c-intel
Scanning for Btrfs filesystems
done.
Warning: fsck not present, so skipping root file system
[    7.607383] EXT4-fs (sda1): INFO: recovery required on readonly filesystem
[    7.610687] EXT4-fs (sda1): write access will be enabled during recovery
[    7.897239] EXT4-fs (sda1): orphan cleanup on readonly fs
[    7.911699] EXT4-fs (sda1): 7 orphan inodes deleted
[    7.914019] EXT4-fs (sda1): recovery complete
[    7.917384] EXT4-fs (sda1): mounted filesystem with ordered data mode. Opts: (null)
done.
Begin: Running /scripts/local-bottom ... done.
Begin: Running /scripts/init-bottom ... done.
[    9.389060] random: crng init done
[    9.391001] random: 7 urandom warning(s) missed due to ratelimiting
[    9.736261] ip_tables: (C) 2000-2006 Netfilter Core Team
[    9.860013] systemd[1]: systemd 237 running in system mode. (+PAM +AUDIT +SELINUX +IMA +APPARMOR +SMACK +SYSVINIT +UTMP +LIBCRYPTSETUP +GCRYPT +GNUTLS +ACL +XZ +LZ4 +SECCOMP +BLKID +ELFUTILS +KMOD -IDN2 +IDN -PCRE2 default-hierarchy=hybrid)
[    9.870662] systemd[1]: Detected virtualization oracle.
[    9.873610] systemd[1]: Detected architecture x86-64.

Welcome to [1mUbuntu 18.04.3 LTS[0m!

[    9.929163] systemd[1]: Set hostname to <ubuntu-bionic>.
[   12.646261] systemd[1]: Started Forward Password Requests to Wall Directory Watch.
[[0;32m  OK  [0m] Started Forward Password Requests to Wall Directory Watch.
[   12.653466] systemd[1]: Reached target System Time Synchronized.
[[0;32m  OK  [0m] Reached target System Time Synchronized.
[   12.658695] systemd[1]: Set up automount Arbitrary Executable File Formats File System Automount Point.
[[0;32m  OK  [0m] Set up automount Arbitrary Executabâ€¦rmats File System Automount Point.
[   12.669316] systemd[1]: Created slice User and Session Slice.
[[0;32m  OK  [0m] Created slice User and Session Slice.
[   12.674149] systemd[1]: Reached target User and Group Name Lookups.
[[0;32m  OK  [0m] Reached target User and Group Name Lookups.
[   12.679240] systemd[1]: Reached target Swap.
[[0;32m  OK  [0m] Reached target Swap.
[[0;32m  OK  [0m] Created slice System Slice.
[[0;32m  OK  [0m] Reached target Slices.
[[0;32m  OK  [0m] Listening on LVM2 poll daemon socket.
[[0;32m  OK  [0m] Listening on Device-mapper event daemon FIFOs.
[[0;32m  OK  [0m] Listening on udev Kernel Socket.
[[0;32m  OK  [0m] Listening on Journal Audit Socket.
[[0;32m  OK  [0m] Created slice system-serial\x2dgetty.slice.
[[0;32m  OK  [0m] Listening on LVM2 metadata daemon socket.
[[0;32m  OK  [0m] Listening on Journal Socket (/dev/log).
[[0;32m  OK  [0m] Listening on Network Service Netlink Socket.
[[0;32m  OK  [0m] Listening on Journal Socket.
         Starting Uncomplicated firewall...
         Mounting Kernel Debug File System...
         Mounting Huge Pages File System...
         Starting Set the console keyboard layout...
         Starting Create list of required stâ€¦ce nodes for the current kernel...
         Mounting POSIX Message Queue File System...
         Starting Remount Root and Kernel File Systems...
[[0;32m  OK  [0m] Listening on /dev/initctl Compatibility Named Pipe.
         Starting Monitoring of LVM2 mirrorsâ€¦ng dmeventd or progress polling...
[[0;32m  OK  [0m] Listening on Syslog Socket.
         Starting Journal Service...
[[0;32m  OK  [0m] Listening on udev Control Socket.
         Starting udev Coldplug all Devices...
         Starting Load Kernel Modules...
[[0;32m  OK  [0m] Started Uncomplicated firewall.
[[0;32m  OK  [0m] Mounted Kernel Debug File System.
[[0;32m  OK  [0m] Mounted Huge Pages File System.
[[0;32m  OK  [0m] Started Create list of required staâ€¦vice nodes for the current kernel.
[[0;32m  OK  [0m] Mounted POSIX Message Queue File System.
         Starting Create Static Device Nodes in /dev...
[   13.002093] EXT4-fs (sda1): re-mounted. Opts: (null)
[[0;32m  OK  [0m] Started Remount Root and Kernel File Systems.
         Starting Load/Save Random Seed...
[[0;32m  OK  [0m] Started udev Coldplug all Devices.
[[0;32m  OK  [0m] Started Load/Save Random Seed.
[[0;32m  OK  [0m] Started LVM2 metadata daemon.
[   13.367308] Loading iSCSI transport class v2.0-870.
[[0;32m  OK  [0m] Started Journal Service.
         Starting Flush Journal to Persistent Storage...
[   13.549649] iscsi: registered transport (tcp)
[   13.738628] systemd-journald[413]: Received request to flush runtime journal from PID 1
[[0;32m  OK  [0m] Started Monitoring of LVM2 mirrors,â€¦sing dmeventd or progress polling.
[[0;32m  OK  [0m] Started Set the console keyboard layout.
[[0;32m  OK  [0m] Started Create Static Device Nodes in /dev.
         Starting udev Kernel Device Manager...
[[0;32m  OK  [0m] Reached target Local File Systems (Pre).
[[0;32m  OK  [0m] Reached target Local File Systems.
         Starting Set console font and keymap...
         Starting ebtables ruleset management...
         Starting Tell Plymouth To Write Out Runtime Data...
         Starting AppArmor initialization...
[   14.097586] iscsi: registered transport (iser)
[[0;32m  OK  [0m] Started Load Kernel Modules.
         Starting Apply Kernel Variables...
         Mounting FUSE Control File System...
         Mounting Kernel Configuration File System...
[[0;32m  OK  [0m] Mounted Kernel Configuration File System.
[[0;32m  OK  [0m] Started Set console font and keymap.
[[0;32m  OK  [0m] Started Tell Plymouth To Write Out Runtime Data.
[   14.335283] systemd-journald[413]: File /var/log/journal/6b8038bbcc984e8297a70d0633d1aaff/system.journal corrupted or uncleanly shut down, renaming and replacing.
[[0;32m  OK  [0m] Mounted FUSE Control File System.
[[0;32m  OK  [0m] Started Apply Kernel Variables.
[[0;32m  OK  [0m] Started udev Kernel Device Manager.
[[0;32m  OK  [0m] Started Dispatch Password Requests to Console Directory Watch.
[[0;32m  OK  [0m] Reached target Local Encrypted Volumes.
[[0;32m  OK  [0m] Started ebtables ruleset management.
[[0;32m  OK  [0m] Found device /dev/ttyS0.
[[0;32m  OK  [0m] Started Flush Journal to Persistent Storage.
         Starting Create Volatile Files and Directories...
[[0;32m  OK  [0m] Listening on Load/Save RF Kill Switch Status /dev/rfkill Watch.
[[0;32m  OK  [0m] Started Create Volatile Files and Directories.
         Starting Update UTMP about System Boot/Shutdown...
[[0;32m  OK  [0m] Started Update UTMP about System Boot/Shutdown.
[[0;32m  OK  [0m] Started AppArmor initialization.
         Starting Initial cloud-init job (pre-networking)...
[   25.799969] cloud-init[544]: Cloud-init v. 19.2-36-g059d049c-0ubuntu2~18.04.1 running 'init-local' at Sat, 27 Jun 2020 16:20:32 +0000. Up 25.05 seconds.
[[0;32m  OK  [0m] Started Initial cloud-init job (pre-networking).
[[0;32m  OK  [0m] Reached target Network (Pre).
         Starting Network Service...
[[0;32m  OK  [0m] Started Network Service.
         Starting Wait for Network to be Configured...
         Starting Network Name Resolution...
[[0;32m  OK  [0m] Started Network Name Resolution.
[[0;32m  OK  [0m] Reached target Network.
[[0;32m  OK  [0m] Reached target Host and Network Name Lookups.
[[0;32m  OK  [0m] Started Wait for Network to be Configured.
         Starting Initial cloud-init job (metadata service crawler)...
[   29.879807] cloud-init[674]: Cloud-init v. 19.2-36-g059d049c-0ubuntu2~18.04.1 running 'init' at Sat, 27 Jun 2020 16:20:36 +0000. Up 29.28 seconds.
[   29.890288] cloud-init[674]: ci-info: ++++++++++++++++++++++++++++++++++++++Net device info++++++++++++++++++++++++++++++++++++++
[   29.898502] cloud-init[674]: ci-info: +--------+------+----------------------------+---------------+--------+-------------------+
[   29.906451] cloud-init[674]: ci-info: | Device |  Up  |          Address           |      Mask     | Scope  |     Hw-Address    |
[   29.913889] cloud-init[674]: ci-info: +--------+------+----------------------------+---------------+--------+-------------------+
[   29.922451] cloud-init[674]: ci-info: | enp0s3 | True |         10.0.2.15          | 255.255.255.0 | global | 02:83:96:c1:64:f9 |
[   29.926978] cloud-init[674]: ci-info: | enp0s3 | True | fe80::83:96ff:fec1:64f9/64 |       .       |  link  | 02:83:96:c1:64:f9 |
[   29.932834] cloud-init[674]: ci-info: |   lo   | True |         127.0.0.1          |   255.0.0.0   |  host  |         .         |
[   29.937492] cloud-init[674]: ci-info: |   lo   | True |          ::1/128           |       .       |  host  |         .         |
[   29.942409] cloud-init[674]: ci-info: +--------+------+----------------------------+---------------+--------+-------------------+
[   29.956613] cloud-init[674]: ci-info: ++++++++++++++++++++++++++++Route IPv4 info+++++++++++++++++++++++++++++
[   29.964285] cloud-init[674]: ci-info: +-------+-------------+----------+-----------------+-----------+-------+
[   29.970027] cloud-init[674]: ci-info: | Route | Destination | Gateway  |     Genmask     | Interface | Flags |
[   29.973493] cloud-init[674]: ci-info: +-------+-------------+----------+-----------------+-----------+-------+
[   29.977878] cloud-init[674]: ci-info: |   0   |   0.0.0.0   | 10.0.2.2 |     0.0.0.0     |   enp0s3  |   UG  |
[   29.984688] cloud-init[674]: ci-info: |   1   |   10.0.2.0  | 0.0.0.0  |  255.255.255.0  |   enp0s3  |   U   |
[   29.987781] cloud-init[674]: ci-info: |   2   |   10.0.2.2  | 0.0.0.0  | 255.255.255.255 |   enp0s3  |   UH  |
[   29.992096] cloud-init[674]: ci-info: +-------+-------------+----------+-----------------+-----------+-------+
[   29.997943] cloud-init[674]: ci-info: +++++++++++++++++++Route IPv6 info+++++++++++++++++++
[   30.001672] cloud-init[674]: ci-info: +-------+-------------+---------+-----------+-------+
[   30.005919] cloud-init[674]: ci-info: | Route | Destination | Gateway | Interface | Flags |
[   30.009057] cloud-init[674]: ci-info: +-------+-------------+---------+-----------+-------+
[   30.013140] cloud-init[674]: ci-info: |   1   |  fe80::/64  |    ::   |   enp0s3  |   U   |
[   30.017096] cloud-init[674]: ci-info: |   3   |    local    |    ::   |   enp0s3  |   U   |
[   30.020750] cloud-init[674]: ci-info: |   4   |   ff00::/8  |    ::   |   enp0s3  |   U   |
[   30.024002] cloud-init[674]: ci-info: +-------+-------------+---------+-----------+-------+
[[0;32m  OK  [0m] Started Initial cloud-init job (metadata service crawler).
[[0;32m  OK  [0m] Reached target Network is Online.
         Starting Availability of block devices...
[[0;32m  OK  [0m] Reached target Remote File Systems (Pre).
[[0;32m  OK  [0m] Reached target Remote File Systems.
[[0;32m  OK  [0m] Reached target Cloud-config availability.
[[0;32m  OK  [0m] Reached target System Initialization.
[[0;32m  OK  [0m] Started ACPI Events Check.
[[0;32m  OK  [0m] Listening on ACPID Listen Socket.
[[0;32m  OK  [0m] Reached target Paths.
         Starting LXD - unix socket.
[[0;32m  OK  [0m] Started Daily apt download activities.
[[0;32m  OK  [0m] Started Daily Cleanup of Temporary Directories.
[[0;32m  OK  [0m] Started Discard unused blocks once a week.
         Starting Socket activation for snappy daemon.
[[0;32m  OK  [0m] Started Message of the Day.
[[0;32m  OK  [0m] Listening on Open-iSCSI iscsid Socket.
[[0;32m  OK  [0m] Listening on D-Bus System Message Bus Socket.
[[0;32m  OK  [0m] Listening on UUID daemon activation socket.
[[0;32m  OK  [0m] Started Daily apt upgrade and clean activities.
[[0;32m  OK  [0m] Reached target Timers.
[[0;32m  OK  [0m] Started Availability of block devices.
[[0;32m  OK  [0m] Listening on LXD - unix socket.
[[0;32m  OK  [0m] Listening on Socket activation for snappy daemon.
[[0;32m  OK  [0m] Reached target Sockets.
[[0;32m  OK  [0m] Reached target Basic System.
         Starting Discard unused blocks...
         Starting Dispatcher daemon for systemd-networkd...
         Starting The Apache HTTP Server...
         Starting Permit User Sessions...
         Starting MariaDB 10.1.44 database server...
[[0;32m  OK  [0m] Started Deferred execution scheduler.
         Starting LXD - container startup/shutdown...
         Starting System Logging Service...
[[0;32m  OK  [0m] Started FUSE filesystem for LXC.
[[0;32m  OK  [0m] Started Regular background program processing daemon.
[[0;32m  OK  [0m] Started D-Bus System Message Bus.
         Starting Virtualbox guest utils...
         Starting LSB: automatic crash report generation...
         Starting Login Service...
[[0;32m  OK  [0m] Started irqbalance daemon.
         Starting Accounts Service...
         Starting Message of the Day...
         Starting LSB: Record successful boot for GRUB...
         Starting OpenBSD Secure Shell server...
         Starting Snappy daemon...
[[0;32m  OK  [0m] Started System Logging Service.
[[0;32m  OK  [0m] Started Dispatcher daemon for systemd-networkd.
[[0;32m  OK  [0m] Started Discard unused blocks.
[[0;32m  OK  [0m] Started Permit User Sessions.
[[0;32m  OK  [0m] Started Login Service.
[[0;32m  OK  [0m] Started Unattended Upgrades Shutdown.
         Starting Hold until boot process finishes up...
         Starting Terminate Plymouth Boot Screen...
[[0;32m  OK  [0m] Started Hold until boot process finishes up.
         Starting Set console scheme...
[[0;32m  OK  [0m] Started Serial Getty on ttyS0.
[[0;32m  OK  [0m] Started Terminate Plymouth Boot Screen.
[[0;32m  OK  [0m] Started Set console scheme.
[[0;32m  OK  [0m] Created slice system-getty.slice.
[[0;32m  OK  [0m] Started Getty on tty1.
[[0;32m  OK  [0m] Reached target Login Prompts.
[[0;32m  OK  [0m] Started LSB: automatic crash report generation.
[[0;32m  OK  [0m] Started LSB: Record successful boot for GRUB.
         Starting Authorization Manager...
[[0;32m  OK  [0m] Started Virtualbox guest utils.
[[0;32m  OK  [0m] Started Authorization Manager.
[[0;32m  OK  [0m] Started Accounts Service.
[[0;32m  OK  [0m] Started OpenBSD Secure Shell server.

Ubuntu 18.04.3 LTS ubuntu-bionic ttyS0

ubuntu-bionic login: [   46.473118] cloud-init[1402]: Cloud-init v. 19.2-36-g059d049c-0ubuntu2~18.04.1 running 'modules:config' at Sat, 27 Jun 2020 16:20:51 +0000. Up 44.21 seconds.
[   51.464641] cloud-init[1686]: Cloud-init v. 19.2-36-g059d049c-0ubuntu2~18.04.1 running 'modules:final' at Sat, 27 Jun 2020 16:20:58 +0000. Up 50.94 seconds.
[   51.464877] cloud-init[1686]: Cloud-init v. 19.2-36-g059d049c-0ubuntu2~18.04.1 finished at Sat, 27 Jun 2020 16:20:58 +0000. Datasource DataSourceNoCloud [seed=/dev/sdb][dsmode=net].  Up 51.43 seconds
